// Jest Snapshot v1, https://goo.gl/fbAQLP

exports[`test/integration/routify/routify.test.js/can run routify with bundled plugins: bundles 1`] = `
"export * as _default_admin from '../../../example/admin/_reset.svelte'
export * as _default_admin_bundleme_svelte from '../../../example/admin/bundleme.svelte'"
`;

exports[`test/integration/routify/routify.test.js/can run routify with bundled plugins: routify 1`] = `
"

export default {
  \\"meta\\": {},
  \\"id\\": \\"_default\\",
  \\"_regex\\": {},
  \\"_paramKeys\\": {
    \\"\\": []
  },
  \\"name\\": \\"\\",
  \\"specificity\\": [
    0,
    0
  ],
  \\"file\\": {
    \\"path\\": \\"test/integration/routify/example/_module.svelte\\",
    \\"dir\\": \\"test/integration/routify/example\\",
    \\"base\\": \\"_module.svelte\\",
    \\"ext\\": \\".svelte\\",
    \\"name\\": \\"_module\\"
  },
  \\"asyncModule\\": () => import('../../example/_module.svelte'),
  \\"rootName\\": \\"default\\",
  \\"routifyDir\\": import.meta.url,
  \\"children\\": [
    {
      \\"meta\\": {
        \\"reset\\": true,
        \\"bundle\\": true
      },
      \\"id\\": \\"_default_admin\\",
      \\"_regex\\": {},
      \\"_paramKeys\\": {
        \\"admin\\": []
      },
      \\"name\\": \\"admin\\",
      \\"specificity\\": [
        5,
        0
      ],
      \\"file\\": {
        \\"path\\": \\"test/integration/routify/example/admin/_reset.svelte\\",
        \\"dir\\": \\"test/integration/routify/example/admin\\",
        \\"base\\": \\"_reset.svelte\\",
        \\"ext\\": \\".svelte\\",
        \\"name\\": \\"_reset\\"
      },
      \\"asyncModule\\": () => import(\\"./bundles/_default_admin-bundle.js\\").then(r => r._default_admin),
      \\"children\\": [
        {
          \\"meta\\": {},
          \\"id\\": \\"_default_admin_bundleme_svelte\\",
          \\"_regex\\": {},
          \\"_paramKeys\\": {
            \\"bundleme\\": []
          },
          \\"name\\": \\"bundleme\\",
          \\"specificity\\": [
            8,
            0
          ],
          \\"file\\": {
            \\"path\\": \\"test/integration/routify/example/admin/bundleme.svelte\\",
            \\"dir\\": \\"test/integration/routify/example/admin\\",
            \\"base\\": \\"bundleme.svelte\\",
            \\"ext\\": \\".svelte\\",
            \\"name\\": \\"bundleme\\"
          },
          \\"asyncModule\\": () => import(\\"./bundles/_default_admin-bundle.js\\").then(r => r._default_admin_bundleme_svelte),
          \\"children\\": []
        }
      ]
    },
    {
      \\"meta\\": {},
      \\"id\\": \\"_default_blog\\",
      \\"_regex\\": {},
      \\"_paramKeys\\": {
        \\"blog\\": []
      },
      \\"name\\": \\"blog\\",
      \\"module\\": false,
      \\"specificity\\": [
        4,
        0
      ],
      \\"file\\": {
        \\"path\\": \\"test/integration/routify/example/blog\\",
        \\"dir\\": \\"test/integration/routify/example\\",
        \\"base\\": \\"blog\\",
        \\"ext\\": \\"\\",
        \\"name\\": \\"blog\\"
      },
      \\"children\\": [
        {
          \\"meta\\": {
            \\"dynamic\\": true,
            \\"order\\": false
          },
          \\"id\\": \\"_default_blog__slug__svelte\\",
          \\"_regex\\": {},
          \\"_paramKeys\\": {
            \\"[slug]\\": [
              \\"slug\\"
            ]
          },
          \\"name\\": \\"[slug]\\",
          \\"specificity\\": [
            0,
            1
          ],
          \\"file\\": {
            \\"path\\": \\"test/integration/routify/example/blog/[slug].svelte\\",
            \\"dir\\": \\"test/integration/routify/example/blog\\",
            \\"base\\": \\"[slug].svelte\\",
            \\"ext\\": \\".svelte\\",
            \\"name\\": \\"[slug]\\"
          },
          \\"asyncModule\\": () => import('../../example/blog/[slug].svelte'),
          \\"children\\": []
        },
        {
          \\"meta\\": {
            \\"dynamic\\": true,
            \\"order\\": false
          },
          \\"id\\": \\"_default_blog_prefixed_slug__svelte\\",
          \\"_regex\\": {},
          \\"_paramKeys\\": {
            \\"prefixed[slug]\\": [
              \\"slug\\"
            ]
          },
          \\"name\\": \\"prefixed[slug]\\",
          \\"specificity\\": [
            8,
            1
          ],
          \\"file\\": {
            \\"path\\": \\"test/integration/routify/example/blog/prefixed[slug].svelte\\",
            \\"dir\\": \\"test/integration/routify/example/blog\\",
            \\"base\\": \\"prefixed[slug].svelte\\",
            \\"ext\\": \\".svelte\\",
            \\"name\\": \\"prefixed[slug]\\"
          },
          \\"asyncModule\\": () => import('../../example/blog/prefixed[slug].svelte'),
          \\"children\\": []
        }
      ]
    },
    {
      \\"meta\\": {
        \\"isDefault\\": true
      },
      \\"id\\": \\"_default_index_svelte\\",
      \\"_regex\\": {},
      \\"_paramKeys\\": {
        \\"index\\": []
      },
      \\"name\\": \\"index\\",
      \\"specificity\\": [
        5,
        0
      ],
      \\"file\\": {
        \\"path\\": \\"test/integration/routify/example/index.svelte\\",
        \\"dir\\": \\"test/integration/routify/example\\",
        \\"base\\": \\"index.svelte\\",
        \\"ext\\": \\".svelte\\",
        \\"name\\": \\"index\\"
      },
      \\"asyncModule\\": () => import('../../example/index.svelte'),
      \\"children\\": []
    },
    {
      \\"meta\\": {},
      \\"id\\": \\"_default_no_layouts\\",
      \\"_regex\\": {},
      \\"_paramKeys\\": {
        \\"no-layouts\\": []
      },
      \\"name\\": \\"no-layouts\\",
      \\"module\\": false,
      \\"specificity\\": [
        10,
        0
      ],
      \\"file\\": {
        \\"path\\": \\"test/integration/routify/example/no-layouts\\",
        \\"dir\\": \\"test/integration/routify/example\\",
        \\"base\\": \\"no-layouts\\",
        \\"ext\\": \\"\\",
        \\"name\\": \\"no-layouts\\"
      },
      \\"children\\": [
        {
          \\"meta\\": {},
          \\"id\\": \\"_default_no_layouts_nested\\",
          \\"_regex\\": {},
          \\"_paramKeys\\": {
            \\"nested\\": []
          },
          \\"name\\": \\"nested\\",
          \\"module\\": false,
          \\"specificity\\": [
            6,
            0
          ],
          \\"file\\": {
            \\"path\\": \\"test/integration/routify/example/no-layouts/nested\\",
            \\"dir\\": \\"test/integration/routify/example/no-layouts\\",
            \\"base\\": \\"nested\\",
            \\"ext\\": \\"\\",
            \\"name\\": \\"nested\\"
          },
          \\"children\\": [
            {
              \\"meta\\": {},
              \\"id\\": \\"_default_no_layouts_nested_foo_svelte\\",
              \\"_regex\\": {},
              \\"_paramKeys\\": {
                \\"foo\\": []
              },
              \\"name\\": \\"foo\\",
              \\"specificity\\": [
                3,
                0
              ],
              \\"file\\": {
                \\"path\\": \\"test/integration/routify/example/no-layouts/nested/foo.svelte\\",
                \\"dir\\": \\"test/integration/routify/example/no-layouts/nested\\",
                \\"base\\": \\"foo.svelte\\",
                \\"ext\\": \\".svelte\\",
                \\"name\\": \\"foo\\"
              },
              \\"asyncModule\\": () => import('../../example/no-layouts/nested/foo.svelte'),
              \\"children\\": []
            },
            {
              \\"meta\\": {
                \\"isDefault\\": true
              },
              \\"id\\": \\"_default_no_layouts_nested_index_svelte\\",
              \\"_regex\\": {},
              \\"_paramKeys\\": {
                \\"index\\": []
              },
              \\"name\\": \\"index\\",
              \\"specificity\\": [
                5,
                0
              ],
              \\"file\\": {
                \\"path\\": \\"test/integration/routify/example/no-layouts/nested/index.svelte\\",
                \\"dir\\": \\"test/integration/routify/example/no-layouts/nested\\",
                \\"base\\": \\"index.svelte\\",
                \\"ext\\": \\".svelte\\",
                \\"name\\": \\"index\\"
              },
              \\"asyncModule\\": () => import('../../example/no-layouts/nested/index.svelte'),
              \\"children\\": []
            }
          ]
        }
      ]
    },
    {
      \\"meta\\": {
        \\"dynamic\\": true,
        \\"dynamicSpread\\": true
      },
      \\"_regex\\": {},
      \\"_paramKeys\\": {
        \\"[...404]\\": [
          \\"...404\\"
        ]
      },
      \\"name\\": \\"[...404]\\",
      \\"specificity\\": [
        0,
        1
      ],
      \\"file\\": {
        \\"path\\": \\"test/integration/routify/temp/.routify/components/[...404].svelte\\",
        \\"dir\\": \\"test/integration/routify/temp/.routify/components\\",
        \\"base\\": \\"[...404].svelte\\",
        \\"ext\\": \\".svelte\\",
        \\"name\\": \\"[...404]\\"
      },
      \\"asyncModule\\": () => import('../../../../../C:/Users/jakob/development/@roxi/routify/test/integration/routify/temp/.routify/components/[...404].svelte'),
      \\"children\\": []
    }
  ]
}"
`;

exports[`test/integration/routify/routify.test.js/can transform output files: routify-transform 1`] = `
"export * as _default_admin from '../../../example/admin/_reset.svelte'
export * as _default_admin_bundleme_svelte from '../../../example/admin/bundleme.svelte'"
`;
